找到 3647 只需修复 turnover_rate 的股票（cutoff=2026-06-10）
  进度: 50/3647，已更新 700 条，空数据 0，失败 0，耗时 30.8s  (003003:ok)
  进度: 100/3647，已更新 1400 条，空数据 0，失败 0，耗时 51.3s  (300015:ok)
  进度: 150/3647，已更新 2100 条，空数据 0，失败 0，耗时 196.2s  (300075:ok)
  进度: 200/3647，已更新 2799 条，空数据 0，失败 0，耗时 226.1s  (300139:ok)
  进度: 250/3647，已更新 3499 条，空数据 0，失败 0，耗时 244.6s  (300199:ok)
  进度: 300/3647，已更新 4197 条，空数据 0，失败 0，耗时 263.4s  (300258:ok)
  进度: 350/3647，已更新 4896 条，空数据 0，失败 0，耗时 280.4s  (300319:ok)
  进度: 400/3647，已更新 5593 条，空数据 0，失败 0，耗时 296.9s  (300384:ok)
  进度: 450/3647，已更新 6288 条，空数据 0，失败 0，耗时 323.4s  (300441:ok)
  进度: 500/3647，已更新 6988 条，空数据 0，失败 0，耗时 340.3s  (300496:ok)
  进度: 550/3647，已更新 7688 条，空数据 0，失败 0，耗时 358.2s  (300551:ok)
  进度: 600/3647，已更新 8388 条，空数据 0，失败 0，耗时 376.5s  (300605:ok)
  进度: 650/3647，已更新 9088 条，空数据 0，失败 0，耗时 392.9s  (300657:ok)
  进度: 700/3647，已更新 9784 条，空数据 0，失败 0，耗时 413.0s  (300708:ok)
  进度: 750/3647，已更新 10484 条，空数据 0，失败 0，耗时 431.3s  (300766:ok)
  进度: 800/3647，已更新 11184 条，空数据 0，失败 0，耗时 451.2s  (300818:ok)
  进度: 850/3647，已更新 11884 条，空数据 0，失败 0，耗时 468.1s  (300868:ok)
  进度: 900/3647，已更新 12584 条，空数据 0，失败 0，耗时 489.4s  (300920:ok)
  进度: 950/3647，已更新 13284 条，空数据 0，失败 0，耗时 506.9s  (300975:ok)
  进度: 970/3647，已更新 13550 条，空数据 0，失败 1，耗时 539.0s  (300995:error:HTTPSConnectionPool(host='stock.finance.sina.com.cn', port=443): Max retries exceeded with url: /stock/api/jsonp.php/var%20KKE_ShareAmount_sz300995=/StockService.getAmountBySymbol?_=20&symbol=sz300995 (Caused by SSLError(SSLEOFError(8, '[SSL: UNEXPECTED_EOF_WHILE_READING] EOF occurred in violation of protocol (_ssl.c:1010)'))))
  进度: 1000/3647，已更新 13970 条，空数据 0，失败 1，耗时 549.0s  (301026:ok)
  进度: 1050/3647，已更新 14670 条，空数据 0，失败 1，耗时 566.3s  (301082:ok)
  进度: 1100/3647，已更新 15370 条，空数据 0，失败 1，耗时 583.6s  (301138:ok)
  进度: 1150/3647，已更新 16070 条，空数据 0，失败 1，耗时 604.7s  (301201:ok)
  进度: 1200/3647，已更新 16770 条，空数据 0，失败 1，耗时 622.5s  (301266:ok)
  进度: 1250/3647，已更新 17470 条，空数据 0，失败 1，耗时 644.1s  (301321:ok)
  进度: 1300/3647，已更新 18170 条，空数据 0，失败 1，耗时 665.1s  (301389:ok)
  进度: 1350/3647，已更新 18870 条，空数据 0，失败 1，耗时 685.2s  (301519:ok)
  进度: 1400/3647，已更新 19570 条，空数据 0，失败 1，耗时 701.6s  (301603:ok)
  进度: 1450/3647，已更新 20270 条，空数据 0，失败 1，耗时 723.1s  (600022:ok)
  进度: 1500/3647，已更新 20970 条，空数据 0，失败 1，耗时 742.0s  (600101:ok)
  进度: 1550/3647，已更新 21670 条，空数据 0，失败 1，耗时 762.1s  (600170:ok)
  进度: 1600/3647，已更新 22370 条，空数据 0，失败 1，耗时 782.1s  (600241:ok)
  进度: 1650/3647，已更新 23070 条，空数据 0，失败 1，耗时 804.1s  (600319:ok)
  进度: 1700/3647，已更新 23770 条，空数据 0，失败 1，耗时 824.7s  (600390:ok)
  进度: 1750/3647，已更新 24470 条，空数据 0，失败 1，耗时 846.3s  (600480:ok)
  进度: 1800/3647，已更新 25170 条，空数据 0，失败 1，耗时 867.7s  (600546:ok)
  进度: 1850/3647，已更新 25870 条，空数据 0，失败 1，耗时 889.1s  (600606:ok)
  进度: 1900/3647，已更新 26570 条，空数据 0，失败 1，耗时 911.0s  (600674:ok)
  进度: 1950/3647，已更新 27262 条，空数据 0，失败 1，耗时 933.7s  (600738:ok)
  进度: 2000/3647，已更新 27962 条，空数据 0，失败 1，耗时 955.1s  (600802:ok)
  进度: 2050/3647，已更新 28662 条，空数据 0，失败 1，耗时 974.7s  (600866:ok)
  进度: 2100/3647，已更新 29362 条，空数据 0，失败 1，耗时 993.7s  (600958:ok)
  进度: 2150/3647，已更新 30062 条，空数据 0，失败 1，耗时 1012.4s  (601020:ok)
  进度: 2200/3647，已更新 30762 条，空数据 0，失败 1，耗时 1042.4s  (601179:ok)
  进度: 2250/3647，已更新 31460 条，空数据 0，失败 1，耗时 1095.1s  (601555:ok)
  进度: 2300/3647，已更新 32160 条，空数据 0，失败 1，耗时 1132.4s  (601801:ok)
  进度: 2350/3647，已更新 32860 条，空数据 0，失败 1，耗时 1166.1s  (601990:ok)
  进度: 2400/3647，已更新 33556 条，空数据 0，失败 1，耗时 1203.0s  (603050:ok)
  进度: 2450/3647，已更新 34256 条，空数据 0，失败 1，耗时 1237.9s  (603107:ok)
  进度: 2500/3647，已更新 34941 条，空数据 0，失败 1，耗时 1273.7s  (603175:ok)
  进度: 2550/3647，已更新 35641 条，空数据 0，失败 1，耗时 1309.4s  (603229:ok)
  进度: 2600/3647，已更新 36341 条，空数据 0，失败 1，耗时 1341.2s  (603306:ok)
  进度: 2650/3647，已更新 37041 条，空数据 0，失败 1，耗时 1358.8s  (603368:ok)
  进度: 2700/3647，已更新 37741 条，空数据 0，失败 1，耗时 1375.3s  (603516:ok)
  进度: 2750/3647，已更新 38441 条，空数据 0，失败 1，耗时 1395.1s  (603626:ok)
  进度: 2800/3647，已更新 39141 条，空数据 0，失败 1，耗时 1414.5s  (603709:ok)
  进度: 2850/3647，已更新 39839 条，空数据 0，失败 1，耗时 1433.7s  (603826:ok)
  进度: 2900/3647，已更新 40539 条，空数据 0，失败 1，耗时 1453.7s  (603926:ok)
  进度: 2950/3647，已更新 41239 条，空数据 0，失败 1，耗时 1471.7s  (605016:ok)
  进度: 3000/3647，已更新 41939 条，空数据 0，失败 1，耗时 1490.4s  (605198:ok)
  进度: 3050/3647，已更新 42639 条，空数据 0，失败 1，耗时 1508.1s  (605598:ok)
  进度: 3100/3647，已更新 43339 条，空数据 0，失败 1，耗时 1526.1s  (688060:ok)
  进度: 3150/3647，已更新 44037 条，空数据 0，失败 1，耗时 1542.6s  (688117:ok)
  进度: 3200/3647，已更新 44731 条，空数据 0，失败 1，耗时 1560.7s  (688178:ok)
  进度: 3250/3647，已更新 45431 条，空数据 0，失败 1，耗时 1582.2s  (688234:ok)
  进度: 3300/3647，已更新 46128 条，空数据 0，失败 1，耗时 1600.5s  (688298:ok)
  进度: 3350/3647，已更新 46828 条，空数据 0，失败 1，耗时 1618.5s  (688356:ok)
  进度: 3400/3647，已更新 47528 条，空数据 0，失败 1，耗时 1639.2s  (688425:ok)
  进度: 3450/3647，已更新 48228 条，空数据 0，失败 1，耗时 1660.5s  (688521:ok)
  进度: 3500/3647，已更新 48928 条，空数据 0，失败 1，耗时 1679.1s  (688588:ok)
  进度: 3550/3647，已更新 49628 条，空数据 0，失败 1，耗时 1700.7s  (688658:ok)
  进度: 3600/3647，已更新 50318 条，空数据 0，失败 1，耗时 1720.7s  (688727:ok)
  进度: 3647/3647，已更新 50962 条，空数据 0，失败 2，耗时 1737.5s  (920300:error:'date')

✅ 修复完成: 更新 50962 条，空数据 0 只，失败 2 只，总耗时 1737.5s
